\BOOKMARK [0][-]{section*.8}{\376\377\004\027\004\076\004\105\004\070\004\076\004\063\004\107\000\040\004\115\004\100\004\105\004\070\004\071\004\075\000\040\004\105\004\060\004\074\004\063\004\060\004\060\004\073\004\060\004\073}{}% 1
\BOOKMARK [0][-]{section*.8}{\376\377\004\045\004\103\004\100\004\060\004\060\004\075\004\063\004\103\004\071}{}% 2
\BOOKMARK [0][-]{section*.9}{\376\377\004\042\004\060\004\073\004\060\004\100\004\105\004\060\004\073}{}% 3
\BOOKMARK [0][-]{table.0.1}{\376\377\004\042\004\076\004\062\004\107\004\070\004\073\004\101\004\076\004\075\000\040\004\257\004\063\004\101}{}% 4
\BOOKMARK [0][-]{chapter.13}{\376\377\004\043\004\064\004\070\004\100\004\102\004\063\004\060\004\073}{}% 5
\BOOKMARK [1][-]{section.14}{\376\377\004\041\004\115\004\064\004\115\004\062\000\040\004\101\004\076\004\075\004\063\004\076\004\101\004\076\004\075\000\040\004\257\004\075\004\064\004\115\004\101\004\073\004\115\004\073\000,\000\040\004\101\004\103\004\064\004\060\004\073\004\063\004\060\004\060\004\075\004\113\000\040\004\060\004\101\004\103\004\103\004\064\004\073\004\113\004\063\000\040\004\102\004\076\004\064\004\076\004\100\004\105\004\076\004\071\004\073\004\076\004\105}{chapter.13}% 6
\BOOKMARK [1][-]{section.15}{\376\377\004\027\004\076\004\100\004\070\004\073\004\063\004\076}{chapter.13}% 7
\BOOKMARK [1][-]{section.16}{\376\377\004\027\004\076\004\100\004\070\004\073\004\102}{chapter.13}% 8
\BOOKMARK [1][-]{section.17}{\376\377\004\041\004\103\004\064\004\060\004\073\004\063\004\060\004\060\004\075\004\113\000\040\004\105\004\060\004\074\004\100\004\060\004\105\000\040\004\105\004\257\004\100\004\115\004\115}{chapter.13}% 9
\BOOKMARK [1][-]{section.18}{\376\377\004\020\004\107\000\040\004\105\004\076\004\073\004\061\004\076\004\063\004\064\004\076\004\073}{chapter.13}% 10
\BOOKMARK [1][-]{section.19}{\376\377\004\041\004\070\004\101\004\102\004\065\004\074\004\070\004\071\004\075\000\040\004\061\004\257\004\102\004\115\004\106\000,\000\040\004\105\004\060\004\074\004\100\004\060\004\105\000\040\004\105\004\257\004\100\004\115\004\115}{chapter.13}% 11
\BOOKMARK [1][-]{section.20}{\376\377\004\023\004\060\004\100\004\060\004\105\000\040\004\257\004\100\000\040\004\064\004\257\004\075}{chapter.13}% 12
\BOOKMARK [0][-]{chapter.21}{\376\377\004\036\004\075\004\076\004\073\004\113\004\075\000\040\004\105\004\115\004\101\004\115\004\063}{}% 13
\BOOKMARK [1][-]{section.22}{\376\377\004\025\004\100\004\351\004\075\004\105\004\070\004\071\000\040\004\076\004\071\004\073\004\063\004\076\004\073\004\102}{chapter.21}% 14
\BOOKMARK [1][-]{section.23}{\376\377\004\045\004\115\004\100\004\115\004\063\004\073\004\115\004\063\004\064\004\115\004\105\000\040\004\102\004\065\004\105\004\075\004\076\004\073\004\076\004\063\004\070\000,\000\040\004\060\004\100\004\063\004\060\000\040\004\067\004\257\004\071}{chapter.21}% 15
\BOOKMARK [2][-]{subsection.24}{\376\377\000B\000a\000c\000k\000e\000n\000d\000\040\004\102\004\065\004\105\004\075\004\076\004\073\004\076\004\063\004\070}{section.23}% 16
\BOOKMARK [2][-]{subsection.25}{\376\377\000F\000r\000o\000n\000t\000e\000n\000d\000\040\004\062\004\065\004\061\000\040\004\102\004\065\004\105\004\075\004\076\004\073\004\076\004\063\004\070}{section.23}% 17
\BOOKMARK [2][-]{subsection.26}{\376\377\004\034\004\076\004\061\004\060\004\071\004\073\000\040\004\102\004\065\004\105\004\075\004\076\004\073\004\076\004\063\004\070}{section.23}% 18
\BOOKMARK [2][-]{subsection.27}{\376\377\004\035\004\115\004\074\004\115\004\073\004\102\000\040\004\102\004\065\004\105\004\075\004\076\004\073\004\076\004\063\004\070\000,\000\040\004\101\004\065\004\100\004\062\004\070\004\101}{section.23}% 19
\BOOKMARK [1][-]{section.28}{\376\377\004\030\004\066\004\070\004\073\000\040\004\102\004\351\004\101\004\102\004\115\004\071\000\040\004\101\004\070\004\101\004\102\004\065\004\074\004\070\004\071\004\075\000\040\004\101\004\103\004\064\004\060\004\073\004\063\004\060\004\060}{chapter.21}% 20
\BOOKMARK [2][-]{subsection.29}{\376\377\000Y\000a\000h\000o\000o\000\040\000A\000u\000c\000t\000i\000o\000n\000\040\004\101\004\103\004\064\004\060\004\073\004\063\004\060\004\060}{section.28}% 21
\BOOKMARK [2][-]{subsection.30}{\376\377\000M\000e\000r\000c\000a\000r\000i\000.\000j\000p\000\040\004\101\004\103\004\064\004\060\004\073\004\063\004\060\004\060}{section.28}% 22
\BOOKMARK [2][-]{subsection.31}{\376\377\004\021\004\103\004\101\004\060\004\064\000\040\004\076\004\075\004\073\004\060\004\071\004\075\000\040\004\064\004\103\004\103\004\064\004\073\004\060\004\063\004\060\000\040\004\105\004\103\004\064\004\060\004\073\004\064\004\060\004\060\004\075\004\113\000\040\004\077\004\073\004\060\004\102\004\104\004\076\004\100\004\074\004\103\004\103\004\064}{section.28}% 23
\BOOKMARK [3][-]{subsubsection*.32}{\376\377\000e\000B\000a\000y}{subsection.31}% 24
\BOOKMARK [3][-]{subsubsection*.33}{\376\377\000S\000h\000o\000p\000e\000e\000\040\000L\000i\000v\000e\000\040\000A\000u\000c\000t\000i\000o\000n}{subsection.31}% 25
\BOOKMARK [1][-]{section.34}{\376\377\004\350\004\351\004\100\004\070\004\071\004\075\000\040\004\105\004\351\004\063\004\066\004\257\004\257\004\073\004\115\004\105\000\040\004\101\004\070\004\101\004\102\004\065\004\074\004\070\004\071\004\075\000\040\004\076\004\075\004\076\004\073\004\113\004\075\000\040\004\257\004\075\004\064\004\115\004\101\004\073\004\115\004\073}{chapter.21}% 26
\BOOKMARK [2][-]{subsection.35}{\376\377\004\024\004\103\004\103\004\064\004\073\004\060\004\063\004\060\000\040\004\105\004\103\004\064\004\060\004\073\004\064\004\060\004\060\004\075\004\113\000\040\004\102\004\351\004\100\004\073\004\257\004\257\004\064}{section.34}% 27
\BOOKMARK [0][-]{chapter.36}{\376\377\004\041\004\070\004\101\004\102\004\065\004\074\004\070\004\071\004\075\000\040\004\110\004\070\004\075\004\066\004\070\004\073\004\063\004\115\004\115\000\040\004\061\004\060\000\040\004\067\004\060\004\063\004\062\004\060\004\100\004\107\004\073\004\060\004\073}{}% 28
\BOOKMARK [1][-]{section.37}{\376\377\000\040\004\045\004\115\004\100\004\115\004\063\004\073\004\115\004\063\004\107\004\070\004\071\004\075\000\040\004\110\004\060\004\060\004\100\004\064\004\073\004\060\004\063\004\060\000\040}{chapter.36}% 29
\BOOKMARK [2][-]{subsection.38}{\376\377\004\041\004\070\004\101\004\102\004\065\004\074\004\070\004\071\004\063\000\040\004\060\004\110\004\070\004\063\004\073\004\060\004\105\000\040\004\105\004\115\004\100\004\115\004\063\004\073\004\115\004\063\004\107\004\070\004\064}{section.37}% 30
\BOOKMARK [2][-]{subsection.39}{\376\377\004\041\004\070\004\101\004\102\004\065\004\074\004\070\004\071\004\075\000\040\004\105\004\115\004\100\004\115\004\063\004\073\004\115\004\063\004\107\004\070\004\064\000\040\004\064\004\115\004\073\004\063\004\115\004\100\004\115\004\075\004\063\004\257\004\071}{section.37}% 31
\BOOKMARK [1][-]{section.40}{\376\377\004\041\004\070\004\101\004\102\004\065\004\074\004\070\004\071\004\075\000\040\004\104\004\103\004\075\004\072\004\106\004\070\004\076\004\075\004\060\004\073\004\114\000\040\004\110\004\060\004\060\004\100\004\064\004\073\004\060\004\063\004\060}{chapter.36}% 32
\BOOKMARK [2][-]{subsection.41}{\376\377\004\020\004\064\004\074\004\070\004\075\004\113\000\040\004\104\004\103\004\075\004\072\004\106\004\070\004\076\004\075\004\060\004\073\004\114\000\040\004\110\004\060\004\060\004\100\004\064\004\073\004\060\004\063\004\060}{section.40}% 33
\BOOKMARK [2][-]{subsection.42}{\376\377\004\045\004\115\004\100\004\115\004\063\004\073\004\115\004\063\004\107\004\070\004\071\004\075\000\040\004\104\004\103\004\075\004\072\004\106\004\070\004\076\004\075\004\060\004\073\004\114\000\040\004\110\004\060\004\060\004\100\004\064\004\073\004\060\004\063\004\060}{section.40}% 34
\BOOKMARK [2][-]{subsection.43}{\376\377\004\027\004\076\004\107\004\075\004\113\000\040\004\104\004\103\004\075\004\072\004\106\004\070\004\076\004\075\004\060\004\073\004\114\000\040\004\110\004\060\004\060\004\100\004\064\004\073\004\060\004\063\004\060}{section.40}% 35
\BOOKMARK [1][-]{section.44}{\376\377\004\041\004\070\004\101\004\102\004\065\004\074\004\070\004\071\004\075\000\040\004\104\004\103\004\075\004\072\004\106\004\070\004\076\004\075\004\060\004\073\004\114\000\040\004\061\004\103\004\101\000\040\004\110\004\060\004\060\004\100\004\064\004\073\004\060\004\063\004\060}{chapter.36}% 36
\BOOKMARK [2][-]{subsection.45}{\376\377\004\023\004\257\004\071\004\106\004\115\004\102\004\063\004\115\004\073\004\070\004\071\004\075\000\040\004\110\004\060\004\060\004\100\004\064\004\073\004\060\004\063\004\060}{section.44}% 37
\BOOKMARK [2][-]{subsection.46}{\376\377\000\040\004\037\004\100\004\076\004\063\004\100\004\060\004\074\004\074\000\040\004\105\004\060\004\075\004\063\004\060\004\074\004\066\004\070\004\071\004\075\000\040\004\110\004\070\004\075\004\066\000\040\004\107\004\060\004\075\004\060\004\100\004\103\004\103\004\064}{section.44}% 38
\BOOKMARK [1][-]{section.47}{\376\377\004\041\004\070\004\101\004\102\004\065\004\074\004\070\004\071\004\075\000\040\004\060\004\100\004\105\004\070\004\102\004\065\004\072\004\102\004\103\004\100}{chapter.36}% 39
\BOOKMARK [2][-]{subsection.49}{\376\377\000C\000l\000i\000e\000n\000t\000\040\004\102\004\070\004\071\004\075\000\040\004\064\004\060\004\062\004\105\004\060\004\100\004\063\004\060\000\040\000\050\000P\000r\000e\000s\000e\000n\000t\000a\000t\000i\000o\000n\000\040\000L\000a\000y\000e\000r\000\051}{section.47}% 40
\BOOKMARK [2][-]{subsection.50}{\376\377\004\021\004\070\004\067\004\075\004\065\004\101\000\040\004\073\004\076\004\063\004\070\004\072\004\070\004\071\004\075\000\040\004\064\004\060\004\062\004\105\004\060\004\100\004\063\004\060\000\040\000\050\000A\000p\000p\000l\000i\000c\000a\000t\000i\000o\000n\000\040\000L\000a\000y\000e\000r\000\051}{section.47}% 41
\BOOKMARK [2][-]{subsection.51}{\376\377\004\350\004\063\004\351\004\063\004\064\004\073\004\070\004\071\004\075\000\040\004\064\004\060\004\062\004\105\004\060\004\100\004\063\004\060\000\040\000\050\000D\000a\000t\000a\000\040\000L\000a\000y\000e\000r\000\051}{section.47}% 42
\BOOKMARK [2][-]{subsection.52}{\376\377\004\041\004\070\004\101\004\102\004\065\004\074\004\070\004\071\004\075\000\040\004\105\004\060\004\100\004\070\004\073\004\106\004\060\004\060\004\075\004\113\000\040\004\061\004\257\004\102\004\115\004\106}{section.47}% 43
\BOOKMARK [1][-]{section.53}{\376\377\000E\000R\000D\000\040\000\050\000E\000n\000t\000i\000t\000y\000\040\000R\000e\000l\000a\000t\000i\000o\000n\000\040\000D\000i\000a\000g\000r\000a\000m\000\051}{chapter.36}% 44
\BOOKMARK [1][-]{section.55}{\376\377\004\032\004\073\004\060\004\101\004\101\000\040\004\064\004\070\004\060\004\063\004\100\004\060\004\074}{chapter.36}% 45
\BOOKMARK [1][-]{section.57}{\376\377\004\024\004\060\004\100\004\060\004\060\004\073\004\073\004\113\004\075\000\040\004\064\004\070\004\060\004\063\004\100\004\060\004\074}{chapter.36}% 46
\BOOKMARK [1][-]{section.61}{\376\377\004\042\004\351\004\073\004\351\004\062\004\070\004\071\004\075\000\040\004\064\004\070\004\060\004\063\004\100\004\060\004\074}{chapter.36}% 47
\BOOKMARK [1][-]{section.65}{\376\377\004\256\004\071\004\073\000\040\004\060\004\066\004\070\004\073\004\073\004\060\004\063\004\060\004\060\004\075\004\113\000\040\004\064\004\070\004\060\004\063\004\100\004\060\004\074}{chapter.36}% 48
\BOOKMARK [0][-]{chapter.68}{\376\377\004\041\004\070\004\101\004\102\004\065\004\074\004\070\004\071\004\075\000\040\004\105\004\351\004\063\004\066\004\257\004\257\004\073\004\115\004\073\004\102}{}% 49
\BOOKMARK [1][-]{section.69}{\376\377\004\045\004\351\004\063\004\066\004\257\004\257\004\073\004\115\004\073\004\102\004\070\004\071\004\075\000\040\004\076\004\100\004\107\004\070\004\075\000,\000\040\004\102\004\065\004\105\004\075\004\076\004\073\004\076\004\063\004\070\004\071\004\075\000\040\004\101\004\076\004\075\004\063\004\076\004\073\004\102}{chapter.68}% 50
\BOOKMARK [2][-]{subsection.70}{\376\377\000B\000a\000c\000k\000e\000n\000d\000\040\004\102\004\065\004\105\004\075\004\076\004\073\004\076\004\063\004\070\004\071\004\075\000\040\004\101\004\076\004\075\004\063\004\076\004\073\004\102}{section.69}% 51
\BOOKMARK [1][-]{section.71}{\376\377\004\041\004\070\004\101\004\102\004\065\004\074\004\070\004\071\004\075\000\040\004\074\004\076\004\064\004\103\004\073\004\114\000,\000\040\004\061\004\257\004\100\004\115\004\073\004\064\004\115\004\105\004\257\004\257\004\075\000\040\004\105\004\115\004\101\004\063\004\257\004\257\004\064\004\070\004\071\004\075\000\040\004\102\004\060\004\071\004\073\004\061\004\060\004\100}{chapter.68}% 52
\BOOKMARK [1][-]{section.72}{\376\377\000A\000P\000I\000\040\004\061\004\076\004\073\004\076\004\075\000\040\004\351\004\063\004\351\004\063\004\064\004\351\004\073\000\040\004\101\004\076\004\073\004\070\004\073\004\106\004\076\004\076}{chapter.68}% 53
\BOOKMARK [1][-]{section.73}{\376\377\004\022\004\065\004\061\000\040\004\060\004\077\004\077\004\073\004\070\004\072\004\065\004\071\004\110\004\075\004\113\000\040\004\105\004\351\004\063\004\066\004\257\004\257\004\073\004\115\004\073\004\102}{chapter.68}% 54
\BOOKMARK [2][-]{subsection.74}{\376\377\000F\000r\000o\000n\000t\000e\000n\000d\000\040\004\062\004\065\004\061\000\040\004\102\004\065\004\105\004\075\004\076\004\073\004\076\004\063\004\070\004\071\004\075\000\040\004\101\004\076\004\075\004\063\004\076\004\073\004\102}{section.73}% 55
\BOOKMARK [2][-]{subsection.75}{\376\377\004\022\004\065\004\061\000\040\004\060\004\077\004\077\004\073\004\070\004\072\004\065\004\071\004\110\004\075\004\113\000\040\004\257\004\075\004\064\004\101\004\115\004\075\000\040\004\104\004\103\004\075\004\072\004\106\004\103\004\103\004\064}{section.73}% 56
\BOOKMARK [1][-]{section.76}{\376\377\004\034\004\076\004\061\004\060\004\071\004\073\000\040\004\060\004\077\004\077\004\073\004\070\004\072\004\065\004\071\004\110\004\075\004\113\000\040\004\105\004\351\004\063\004\066\004\257\004\257\004\073\004\115\004\073\004\102}{chapter.68}% 57
\BOOKMARK [2][-]{subsection.77}{\376\377\004\034\004\076\004\061\004\060\004\071\004\073\000\040\004\102\004\065\004\105\004\075\004\076\004\073\004\076\004\063\004\070\004\071\004\075\000\040\004\101\004\076\004\075\004\063\004\076\004\073\004\102}{section.76}% 58
\BOOKMARK [2][-]{subsection.78}{\376\377\004\034\004\076\004\061\004\060\004\071\004\073\000\040\004\060\004\077\004\077\004\073\004\070\004\072\004\065\004\071\004\110\004\075\004\113\000\040\004\060\004\100\004\105\004\070\004\102\004\065\004\072\004\102\004\103\004\100}{section.76}% 59
\BOOKMARK [2][-]{subsection.79}{\376\377\004\034\004\076\004\061\004\060\004\071\004\073\000\040\004\060\004\077\004\077\004\073\004\070\004\072\004\065\004\071\004\110\004\075\004\113\000\040\004\257\004\075\004\064\004\101\004\115\004\075\000\040\004\104\004\103\004\075\004\072\004\106\004\103\004\103\004\064}{section.76}% 60
\BOOKMARK [3][-]{subsubsection*.80}{\376\377\004\045\004\115\004\100\004\115\004\063\004\073\004\115\004\063\004\107\004\070\004\071\004\075\000\040\004\061\004\060\004\102\004\060\004\073\004\063\004\060\004\060\004\066\004\103\004\103\004\073\004\060\004\073\004\102}{subsection.79}% 61
\BOOKMARK [3][-]{subsubsection*.81}{\376\377\004\021\004\060\004\100\004\060\004\060\000\040\004\103\004\064\004\070\004\100\004\064\004\060\004\105}{subsection.79}% 62
\BOOKMARK [3][-]{subsubsection*.82}{\376\377\004\024\004\103\004\103\004\064\004\073\004\060\004\063\004\060\000\040\004\105\004\103\004\064\004\060\004\073\004\064\004\060\004\060}{subsection.79}% 63
\BOOKMARK [2][-]{subsection.83}{\376\377\004\034\004\076\004\061\004\060\004\071\004\073\000\040\004\064\004\070\004\067\004\060\004\071\004\075\000\040\004\067\004\060\004\063\004\062\004\060\004\100}{section.76}% 64
\BOOKMARK [1][-]{section.84}{\376\377\004\020\004\116\004\103\004\073\004\063\004\257\004\071\000\040\004\061\004\060\004\071\004\064\004\060\004\073\000\040\004\061\004\060\000\040\004\075\004\115\004\062\004\102\004\100\004\115\004\073\004\102}{chapter.68}% 65
\BOOKMARK [2][-]{subsection.85}{\376\377\004\020\004\110\004\070\004\063\004\073\004\060\004\105\000\040\004\102\004\065\004\105\004\075\004\076\004\073\004\076\004\063\004\070}{section.84}% 66
\BOOKMARK [2][-]{subsection.86}{\376\377\004\020\004\066\004\070\004\073\004\073\004\060\004\105\000\040\004\077\004\100\004\076\004\106\004\065\004\101\004\101}{section.84}% 67
\BOOKMARK [2][-]{subsection.90}{\376\377\004\020\004\073\004\064\004\060\004\060\004\075\004\113\000\040\004\042\004\076\004\105\004\070\004\076\004\073\004\064\004\076\004\073\004\064}{section.84}% 68
\BOOKMARK [0][-]{chapter.91}{\376\377\004\042\004\103\004\100\004\110\004\070\004\073\004\102\000,\000\040\004\257\004\100\000\040\004\064\004\257\004\075}{}% 69
\BOOKMARK [1][-]{section.92}{\376\377\004\041\004\070\004\101\004\102\004\065\004\074\004\070\004\071\004\075\000\040\004\060\004\066\004\070\004\073\004\073\004\060\004\063\004\060\004\060\004\075\004\113\000\040\004\102\004\065\004\101\004\102}{chapter.91}% 70
\BOOKMARK [2][-]{subsection.93}{\376\377\000A\000P\000I\000\040\000e\000n\000d\000p\000o\000i\000n\000t\000\040\004\102\004\065\004\101\004\102\000\040\000\050\000I\000n\000s\000o\000m\000n\000i\000a\000\051}{section.92}% 71
\BOOKMARK [3][-]{subsubsection*.94}{\376\377\004\045\004\115\004\100\004\115\004\063\004\073\004\115\004\063\004\107\004\070\004\071\004\075\000\040\000A\000P\000I\000\040\004\102\004\065\004\101\004\102\000\040\000\050\000/\000a\000p\000i\000/\000u\000s\000e\000r\000s\000\051}{subsection.93}% 72
\BOOKMARK [3][-]{subsubsection*.96}{\376\377\004\021\004\060\004\100\004\060\004\060\004\075\004\113\000\040\000A\000P\000I\000\040\004\102\004\065\004\101\004\102\000\040\000\050\000/\000a\000p\000i\000/\000p\000r\000o\000d\000u\000c\000t\000\051}{subsection.93}% 73
\BOOKMARK [3][-]{subsubsection*.98}{\376\377\004\024\004\103\004\103\004\064\004\073\004\060\004\063\004\060\000\040\004\105\004\103\004\064\004\060\004\073\004\064\004\060\004\060\004\075\004\113\000\040\000A\000P\000I\000\040\004\102\004\065\004\101\004\102\000\040\000\050\000/\000a\000p\000i\000/\000b\000i\000d\000d\000i\000n\000g\000\051}{subsection.93}% 74
\BOOKMARK [3][-]{subsubsection*.100}{\376\377\004\021\004\103\004\101\004\060\004\064\000\040\000A\000P\000I\000\040\004\102\004\065\004\101\004\102}{subsection.93}% 75
\BOOKMARK [2][-]{subsection.102}{\376\377\000U\000n\000i\000t\000\040\000t\000e\000s\000t}{section.92}% 76
\BOOKMARK [2][-]{subsection.111}{\376\377\000I\000n\000t\000e\000g\000r\000a\000t\000i\000o\000n\000\040\000t\000e\000s\000t}{section.92}% 77
\BOOKMARK [2][-]{subsection.116}{\376\377\004\034\004\076\004\061\004\060\004\071\004\073\000\040\004\060\004\077\004\077\004\073\004\070\004\072\004\065\004\071\004\110\004\075\004\113\000\040\004\102\004\065\004\101\004\102}{section.92}% 78
\BOOKMARK [3][-]{subsubsection*.117}{\376\377\000E\000x\000p\000o\000\040\000G\000o\000\040\004\060\004\110\004\070\004\063\004\073\004\060\004\075\000\040\004\102\004\065\004\101\004\102}{subsection.116}% 79
\BOOKMARK [3][-]{subsubsection*.119}{\376\377\004\044\004\103\004\075\004\072\004\106\004\070\004\076\004\075\004\060\004\073\004\114\000\040\004\102\004\065\004\101\004\102}{subsection.116}% 80
\BOOKMARK [3][-]{subsubsection*.122}{\376\377\004\037\004\073\004\060\004\102\004\104\004\076\004\100\004\074\000\040\004\105\004\076\004\076\004\100\004\076\004\075\004\064\004\113\004\075\000\040\004\102\004\065\004\101\004\102}{subsection.116}% 81
\BOOKMARK [3][-]{subsubsection*.123}{\376\377\000N\000e\000t\000w\000o\000r\000k\000\040\004\102\004\065\004\101\004\102}{subsection.116}% 82
\BOOKMARK [3][-]{subsubsection*.125}{\376\377\000U\000I\000/\000U\000X\000\040\004\102\004\065\004\101\004\102}{subsection.116}% 83
\BOOKMARK [2][-]{subsection.127}{\376\377\000F\000r\000o\000n\000t\000-\000E\000n\000d\000\040\004\061\004\103\004\116\004\103\000\040\004\060\004\064\004\074\004\070\004\075\000\040\004\077\004\060\004\075\004\065\004\073}{section.92}% 84
\BOOKMARK [2][-]{subsection.129}{\376\377\004\041\004\070\004\101\004\102\004\065\004\074\004\070\004\071\004\075\000\040\004\257\004\100\000\040\004\064\004\257\004\075}{section.92}% 85
\BOOKMARK [2][-]{subsection.130}{\376\377\004\023\004\257\004\071\004\106\004\115\004\102\004\063\004\115\004\073\004\070\004\071\004\075\000\040\004\257\004\100\000\040\004\064\004\257\004\075}{section.92}% 86
\BOOKMARK [0][-]{chapter.131}{\376\377\004\024\004\257\004\063\004\075\004\115\004\073\004\102}{}% 87
\BOOKMARK [1][-]{subsection.132}{\376\377\004\042\004\351\004\101\004\073\004\070\004\071\004\075\000\040\004\257\004\075\004\064\004\101\004\115\004\075\000\040\004\257\004\100\000\040\004\064\004\257\004\075}{chapter.131}% 88
\BOOKMARK [2][-]{subsubsection*.133}{\376\377\004\034\004\076\004\061\004\060\004\071\004\073\000\040\004\060\004\077\004\073\004\070\004\072\004\065\004\071\004\110\004\075}{subsection.132}% 89
\BOOKMARK [3][-]{subsubsection*.134}{\376\377\004\022\004\065\004\061\000\040\004\060\004\077\004\073\004\070\004\072\004\065\004\071\004\110\004\075}{subsubsection*.133}% 90
\BOOKMARK [3][-]{subsubsection*.135}{\376\377\000B\000a\000c\000k\000e\000n\000d\000\040\004\101\004\065\004\100\004\062\004\065\004\100}{subsubsection*.133}% 91
\BOOKMARK [2][-]{subsection.136}{\376\377\004\034\004\060\004\075\004\060\004\071\000\040\004\101\004\070\004\101\004\102\004\065\004\074\004\070\004\071\004\075\000\040\004\064\004\060\004\062\004\103\004\103\000\040\004\102\004\060\004\073\004\103\004\103\004\064}{subsection.132}% 92
\BOOKMARK [2][-]{subsection.137}{\376\377\004\030\004\100\004\115\004\115\004\064\004\257\004\071\004\064\000\040\004\105\004\070\004\071\004\066\000\040\004\061\004\076\004\073\004\076\004\105\000\040\004\105\004\351\004\063\004\066\004\257\004\257\004\073\004\115\004\073\004\102\004\257\004\257\004\064}{subsection.132}% 93
\BOOKMARK [2][-]{subsection.138}{\376\377\004\042\004\351\004\101\004\073\004\070\004\071\004\075\000\040\004\060\004\107\000\040\004\105\004\076\004\073\004\061\004\076\004\063\004\064\004\076\004\073}{subsection.132}% 94
