\BOOKMARK [0][-]{chapter*.1}{\376\377\004\043\004\064\004\070\004\100\004\102\004\063\004\060\004\073}{}% 1
\BOOKMARK [0][-]{chapter.1}{\376\377\004\036\004\075\004\076\004\073\004\113\004\075\000\040\004\105\004\115\004\101\004\115\004\063}{}% 2
\BOOKMARK [1][-]{section.1.1}{\376\377\004\025\004\100\004\351\004\075\004\105\004\070\004\071\000\040\004\076\004\071\004\073\004\063\004\076\004\073\004\102}{chapter.1}% 3
\BOOKMARK [1][-]{section.1.2}{\376\377\004\024\004\103\004\103\004\064\004\073\004\060\004\063\004\060\000\040\004\105\004\103\004\064\004\060\004\073\004\064\004\060\004\060\004\075\004\113\000\040\004\102\004\257\004\257\004\105\004\115\004\075\000\040\004\102\004\076\004\062\004\107}{chapter.1}% 4
\BOOKMARK [1][-]{section.1.3}{\376\377\004\024\004\103\004\103\004\064\004\073\004\060\004\063\004\060\000\040\004\105\004\103\004\064\004\060\004\073\004\064\004\060\004\060\004\075\004\113\000\040\004\102\004\351\004\100\004\073\004\257\004\257\004\064}{chapter.1}% 5
\BOOKMARK [2][-]{subsection.1.3.1}{\376\377\004\020\004\075\004\063\004\073\004\070\000\040\004\064\004\103\004\103\004\064\004\073\004\060\004\063\004\060\000\040\004\105\004\103\004\064\004\060\004\073\004\064\004\060\004\060\000\040\000\050\000E\000n\000g\000l\000i\000s\000h\000\040\000A\000u\000c\000t\000i\000o\000n\000\051}{section.1.3}% 6
\BOOKMARK [2][-]{subsection.1.3.2}{\376\377\004\023\004\076\004\073\004\073\004\060\004\075\004\064\000\040\004\064\004\103\004\103\004\064\004\073\004\060\004\063\004\060\000\040\004\105\004\103\004\064\004\060\004\073\004\064\004\060\004\060\000\040\000\050\000D\000u\000t\000c\000h\000\040\000A\000u\000c\000t\000i\000o\000n\000\051}{section.1.3}% 7
\BOOKMARK [2][-]{subsection.1.3.3}{\376\377\004\021\004\070\004\102\004\115\004\100\000\040\004\064\004\103\004\103\004\064\004\073\004\060\004\063\004\060\000\040\004\105\004\103\004\064\004\060\004\073\004\064\004\060\004\060\000\040\000\050\000S\000e\000a\000l\000e\000d\000-\000b\000i\000d\000\040\000A\000u\000c\000t\000i\000o\000n\000\051}{section.1.3}% 8
\BOOKMARK [2][-]{subsection.1.3.4}{\376\377\004\022\004\070\004\072\004\072\004\065\004\100\004\070\000\040\004\064\004\103\004\103\004\064\004\073\004\060\004\063\004\060\000\040\004\105\004\103\004\064\004\060\004\073\004\064\004\060\004\060\000\040\000\050\000V\000i\000c\000k\000r\000e\000y\000\040\000A\000u\000c\000t\000i\000o\000n\000\051}{section.1.3}% 9
\BOOKMARK [2][-]{subsection.1.3.5}{\376\377\004\055\004\075\004\115\000\040\004\101\004\070\004\101\004\102\004\065\004\074\004\064\000\040\004\060\004\110\004\070\004\063\004\073\004\060\004\101\004\060\004\075\000\040\004\067\004\060\004\063\004\062\004\060\004\100}{section.1.3}% 10
\BOOKMARK [1][-]{section.1.4}{\376\377\004\020\004\103\004\072\004\110\004\070\004\075\004\113\000\040\004\115\004\064\004\070\004\071\004\075\000\040\004\067\004\060\004\101\004\063\004\070\004\071\004\075\000\040\004\076\004\075\004\076\004\073\004\113\004\075\000\040\004\102\004\103\004\073\004\063\004\103\004\103\004\100}{chapter.1}% 11
\BOOKMARK [1][-]{section.1.5}{\376\377\004\045\004\115\004\100\004\115\004\063\004\073\004\115\004\063\004\064\004\115\004\105\000\040\004\102\004\065\004\105\004\075\004\076\004\073\004\076\004\063\004\070\000,\000\040\004\060\004\100\004\063\004\060\000\040\004\067\004\257\004\071}{chapter.1}% 12
\BOOKMARK [2][-]{subsection.1.5.1}{\376\377\000B\000a\000c\000k\000e\000n\000d\000\040\004\102\004\065\004\105\004\075\004\076\004\073\004\076\004\063\004\070}{section.1.5}% 13
\BOOKMARK [2][-]{subsection.1.5.2}{\376\377\000F\000r\000o\000n\000t\000e\000n\000d\000\040\004\062\004\065\004\061\000\040\004\102\004\065\004\105\004\075\004\076\004\073\004\076\004\063\004\070}{section.1.5}% 14
\BOOKMARK [2][-]{subsection.1.5.3}{\376\377\004\034\004\076\004\061\004\060\004\071\004\073\000\040\004\102\004\065\004\105\004\075\004\076\004\073\004\076\004\063\004\070}{section.1.5}% 15
\BOOKMARK [1][-]{section.1.6}{\376\377\004\030\004\066\004\070\004\073\000\040\004\102\004\351\004\101\004\102\004\115\004\071\000\040\004\101\004\070\004\101\004\102\004\065\004\074\004\070\004\071\004\075\000\040\004\101\004\103\004\064\004\060\004\073\004\063\004\060\004\060}{chapter.1}% 16
\BOOKMARK [2][-]{subsection.1.6.1}{\376\377\000Y\000a\000h\000o\000o\000!\000\040\000A\000u\000c\000t\000i\000o\000n\000s\000\040\000J\000a\000p\000a\000n}{section.1.6}% 17
\BOOKMARK [2][-]{subsection.1.6.2}{\376\377\000M\000e\000r\000c\000a\000r\000i\000.\000j\000p}{section.1.6}% 18
\BOOKMARK [2][-]{subsection.1.6.3}{\376\377\000e\000B\000a\000y}{section.1.6}% 19
\BOOKMARK [2][-]{subsection.1.6.4}{\376\377\000S\000h\000o\000p\000e\000e\000\040\000L\000i\000v\000e\000\040\000A\000u\000c\000t\000i\000o\000n}{section.1.6}% 20
\BOOKMARK [2][-]{subsection.1.6.5}{\376\377\004\024\004\076\004\102\004\076\004\076\004\064\004\113\004\075\000\040\004\067\004\060\004\105\000\040\004\067\004\115\004\115\004\073\004\070\004\071\004\075\000\040\004\105\004\060\004\100\004\114\004\106\004\103\004\103\004\073\004\101\004\060\004\075\000\040\004\101\004\103\004\064\004\060\004\073\004\063\004\060\004\060}{section.1.6}% 21
\BOOKMARK [2][-]{subsection.1.6.6}{\376\377\004\045\004\060\004\100\004\114\004\106\004\103\004\103\004\073\004\101\004\060\004\075\000\040\004\257\004\075\004\115\004\073\004\063\004\115\004\115}{section.1.6}% 22
\BOOKMARK [1][-]{section.1.7}{\376\377\004\021\004\076\004\064\004\070\004\102\000\040\004\106\004\060\004\063\004\070\004\071\004\075\000\040\004\101\004\070\004\101\004\102\004\065\004\074\000\040\004\105\004\070\004\071\004\105\000\040\004\076\004\075\004\076\004\073}{chapter.1}% 23
\BOOKMARK [1][-]{section.1.8}{\376\377\004\021\004\257\004\073\004\063\004\070\004\071\004\075\000\040\004\064\004\257\004\063\004\075\004\115\004\073\004\102}{chapter.1}% 24
\BOOKMARK [0][-]{chapter.2}{\376\377\004\041\004\070\004\101\004\102\004\065\004\074\004\070\004\071\004\075\000\040\004\110\004\070\004\075\004\066\004\070\004\073\004\063\004\115\004\115\000\040\004\061\004\060\000\040\004\067\004\060\004\063\004\062\004\060\004\100\004\107\004\073\004\060\004\073}{}% 25
\BOOKMARK [1][-]{section.2.1}{\376\377\004\045\004\115\004\100\004\115\004\063\004\073\004\115\004\063\004\107\004\070\004\071\004\075\000\040\004\110\004\060\004\060\004\100\004\064\004\073\004\060\004\063\004\060}{chapter.2}% 26
\BOOKMARK [2][-]{subsection.2.1.1}{\376\377\004\041\004\070\004\101\004\102\004\065\004\074\004\070\004\071\004\063\000\040\004\060\004\110\004\070\004\063\004\073\004\060\004\105\000\040\004\105\004\115\004\100\004\115\004\063\004\073\004\115\004\063\004\107\004\070\004\064}{section.2.1}% 27
\BOOKMARK [2][-]{subsection.2.1.2}{\376\377\004\041\004\070\004\101\004\102\004\065\004\074\004\070\004\071\004\075\000\040\004\104\004\103\004\075\004\072\004\106\004\070\004\076\004\075\004\060\004\073\004\114\000\040\004\110\004\060\004\060\004\100\004\064\004\073\004\060\004\063\004\060\000\040\040\024\000\040\004\020\004\064\004\074\004\070\004\075}{section.2.1}% 28
\BOOKMARK [2][-]{subsection.2.1.3}{\376\377\004\041\004\070\004\101\004\102\004\065\004\074\004\070\004\071\004\075\000\040\004\104\004\103\004\075\004\072\004\106\004\070\004\076\004\075\004\060\004\073\004\114\000\040\004\110\004\060\004\060\004\100\004\064\004\073\004\060\004\063\004\060\000\040\040\024\000\040\004\045\004\115\004\100\004\115\004\063\004\073\004\115\004\063\004\107}{section.2.1}% 29
\BOOKMARK [1][-]{section.2.2}{\376\377\004\041\004\070\004\101\004\102\004\065\004\074\004\070\004\071\004\075\000\040\004\104\004\103\004\075\004\072\004\106\004\070\004\076\004\075\004\060\004\073\004\114\000\040\004\061\004\103\004\101\000\040\004\110\004\060\004\060\004\100\004\064\004\073\004\060\004\063\004\060}{chapter.2}% 30
\BOOKMARK [1][-]{section.2.3}{\376\377\004\041\004\070\004\101\004\102\004\065\004\074\004\070\004\071\004\075\000\040\004\060\004\100\004\105\004\070\004\102\004\065\004\072\004\102\004\103\004\100}{chapter.2}% 31
\BOOKMARK [2][-]{subsection.2.3.1}{\376\377\000C\000l\000i\000e\000n\000t\000\040\004\064\004\060\004\062\004\105\004\060\004\100\004\063\004\060\000\040\000\050\000P\000r\000e\000s\000e\000n\000t\000a\000t\000i\000o\000n\000\040\000L\000a\000y\000e\000r\000\051}{section.2.3}% 32
\BOOKMARK [2][-]{subsection.2.3.2}{\376\377\004\021\004\070\004\067\004\075\004\065\004\101\000\040\004\073\004\076\004\063\004\070\004\072\004\070\004\071\004\075\000\040\004\064\004\060\004\062\004\105\004\060\004\100\004\063\004\060\000\040\000\050\000A\000p\000p\000l\000i\000c\000a\000t\000i\000o\000n\000\040\000L\000a\000y\000e\000r\000\051}{section.2.3}% 33
\BOOKMARK [2][-]{subsection.2.3.3}{\376\377\000S\000o\000c\000k\000e\000t\000.\000I\000O\000\040\000E\000v\000e\000n\000t\000\040\004\067\004\060\004\063\004\062\004\060\004\100}{section.2.3}% 34
\BOOKMARK [1][-]{section.2.4}{\376\377\000U\000s\000e\000\040\000C\000a\000s\000e\000\040\004\102\004\060\004\071\004\073\004\061\004\060\004\100}{chapter.2}% 35
\BOOKMARK [2][-]{subsection.2.4.1}{\376\377\000U\000s\000e\000\040\000C\000a\000s\000e\000\040\0001\000:\000\040\004\021\004\060\004\100\004\060\004\060\000\040\004\061\004\060\004\071\004\100\004\110\004\103\004\103\004\073\004\060\004\105}{section.2.4}% 36
\BOOKMARK [2][-]{subsection.2.4.2}{\376\377\000U\000s\000e\000\040\000C\000a\000s\000e\000\040\0002\000:\000\040\004\024\004\103\004\103\004\064\004\073\004\060\004\063\004\060\004\064\000\040\004\076\004\100\004\076\004\073\004\106\004\076\004\105\000\040\000\050\000p\000l\000a\000c\000e\000\040\000b\000i\000d\000\051}{section.2.4}% 37
\BOOKMARK [2][-]{subsection.2.4.3}{\376\377\000U\000s\000e\000\040\000C\000a\000s\000e\000\040\0003\000:\000\040\004\024\004\103\004\103\004\064\004\073\004\060\004\063\004\060\000\040\004\064\004\103\004\103\004\101\004\060\004\105\000\040\000\050\000S\000y\000s\000t\000e\000m\000\051}{section.2.4}% 38
\BOOKMARK [1][-]{section.2.5}{\376\377\000E\000R\000D\000\040\000\050\000E\000n\000t\000i\000t\000y\000\040\000R\000e\000l\000a\000t\000i\000o\000n\000\040\000D\000i\000a\000g\000r\000a\000m\000\051}{chapter.2}% 39
\BOOKMARK [1][-]{section.2.6}{\376\377\004\350\004\063\004\351\004\063\004\064\004\073\004\070\004\071\004\075\000\040\004\067\004\060\004\063\004\062\004\060\004\100\000\040\004\064\004\115\004\073\004\063\004\115\004\100\004\115\004\075\004\063\004\257\004\071}{chapter.2}% 40
\BOOKMARK [2][-]{subsection.2.6.1}{\376\377\000U\000s\000e\000r\000\040\000C\000o\000l\000l\000e\000c\000t\000i\000o\000n}{section.2.6}% 41
\BOOKMARK [2][-]{subsection.2.6.2}{\376\377\000P\000r\000o\000d\000u\000c\000t\000\040\000C\000o\000l\000l\000e\000c\000t\000i\000o\000n}{section.2.6}% 42
\BOOKMARK [2][-]{subsection.2.6.3}{\376\377\000B\000i\000d\000d\000i\000n\000g\000\040\000C\000o\000l\000l\000e\000c\000t\000i\000o\000n}{section.2.6}% 43
\BOOKMARK [1][-]{section.2.7}{\376\377\000A\000P\000I\000\040\004\064\004\070\004\067\004\060\004\071\004\075\004\113\000\040\004\067\004\060\004\100\004\107\004\070\004\074}{chapter.2}% 44
\BOOKMARK [1][-]{section.2.8}{\376\377\004\021\004\257\004\073\004\063\004\070\004\071\004\075\000\040\004\064\004\257\004\063\004\075\004\115\004\073\004\102}{chapter.2}% 45
\BOOKMARK [0][-]{chapter.3}{\376\377\004\041\004\070\004\101\004\102\004\065\004\074\004\070\004\071\004\075\000\040\004\105\004\351\004\063\004\066\004\257\004\257\004\073\004\115\004\073\004\102}{}% 46
\BOOKMARK [1][-]{section.3.1}{\376\377\004\045\004\351\004\063\004\066\004\257\004\257\004\073\004\115\004\073\004\102\004\070\004\071\004\075\000\040\004\076\004\100\004\107\004\070\004\075}{chapter.3}% 47
\BOOKMARK [1][-]{section.3.2}{\376\377\004\041\004\070\004\101\004\102\004\065\004\074\004\070\004\071\004\075\000\040\004\074\004\076\004\064\004\103\004\073\004\070\004\103\004\064}{chapter.3}% 48
\BOOKMARK [2][-]{subsection.3.2.1}{\376\377\000U\000s\000e\000r\000\040\000M\000o\000d\000u\000l\000e}{section.3.2}% 49
\BOOKMARK [2][-]{subsection.3.2.2}{\376\377\000P\000r\000o\000d\000u\000c\000t\000\040\000M\000o\000d\000u\000l\000e}{section.3.2}% 50
\BOOKMARK [2][-]{subsection.3.2.3}{\376\377\000B\000i\000d\000d\000i\000n\000g\000\040\000M\000o\000d\000u\000l\000e}{section.3.2}% 51
\BOOKMARK [2][-]{subsection.3.2.4}{\376\377\000A\000u\000c\000t\000i\000o\000n\000\040\000L\000i\000f\000e\000c\000y\000c\000l\000e\000\040\000C\000r\000o\000n\000\040\000J\000o\000b}{section.3.2}% 52
\BOOKMARK [1][-]{section.3.3}{\376\377\000A\000P\000I\000\040\004\061\004\076\004\073\004\076\004\075\000\040\004\351\004\063\004\351\004\063\004\064\004\351\004\073\000\040\004\101\004\076\004\073\004\070\004\073\004\106\004\076\004\076}{chapter.3}% 53
\BOOKMARK [2][-]{subsection.3.3.1}{\376\377\004\256\004\075\004\064\004\101\004\115\004\075\000\040\000e\000n\000d\000p\000o\000i\000n\000t\000\040\004\061\004\257\004\073\004\115\004\063}{section.3.3}% 54
\BOOKMARK [2][-]{subsection.3.3.2}{\376\377\000A\000P\000I\000\040\004\105\004\060\004\100\004\070\004\103\000\040\004\104\004\076\004\100\004\074\004\060\004\102}{section.3.3}% 55
\BOOKMARK [1][-]{section.3.4}{\376\377\004\022\004\065\004\061\000\040\004\060\004\077\004\077\004\073\004\070\004\072\004\065\004\071\004\110\004\075\004\113\000\040\004\105\004\351\004\063\004\066\004\257\004\257\004\073\004\115\004\073\004\102}{chapter.3}% 56
\BOOKMARK [2][-]{subsection.3.4.1}{\376\377\000F\000o\000l\000d\000e\000r\000\040\004\061\004\257\004\102\004\115\004\106}{section.3.4}% 57
\BOOKMARK [2][-]{subsection.3.4.2}{\376\377\000S\000o\000c\000k\000e\000t\000.\000I\000O\000\040\004\070\004\075\004\102\004\065\004\063\004\100\004\060\004\106\000\040\004\062\004\065\004\061\000\040\004\064\004\115\004\115\004\100}{section.3.4}% 58
\BOOKMARK [2][-]{subsection.3.4.3}{\376\377\004\020\004\064\004\074\004\070\004\075\004\113\000\040\000d\000a\000s\000h\000b\000o\000a\000r\000d}{section.3.4}% 59
\BOOKMARK [1][-]{section.3.5}{\376\377\004\034\004\076\004\061\004\060\004\071\004\073\000\040\004\060\004\077\004\077\004\073\004\070\004\072\004\065\004\071\004\110\004\075\004\113\000\040\004\105\004\351\004\063\004\066\004\257\004\257\004\073\004\115\004\073\004\102}{chapter.3}% 60
\BOOKMARK [2][-]{subsection.3.5.1}{\376\377\000F\000o\000l\000d\000e\000r\000\040\004\061\004\257\004\102\004\115\004\106\000\040\000\050\000E\000x\000p\000o\000\040\000R\000o\000u\000t\000e\000r\000\051}{section.3.5}% 61
\BOOKMARK [2][-]{subsection.3.5.2}{\376\377\004\034\004\076\004\061\004\060\004\071\004\073\000\040\004\060\004\077\004\077\004\073\004\070\004\072\004\065\004\071\004\110\004\075\004\113\000\040\004\257\004\075\004\064\004\101\004\115\004\075\000\040\004\104\004\103\004\075\004\072\004\106\004\103\004\103\004\064}{section.3.5}% 62
\BOOKMARK [2][-]{subsection.3.5.3}{\376\377\000P\000e\000r\000f\000o\000r\000m\000a\000n\000c\000e\000\040\000O\000p\000t\000i\000m\000i\000z\000a\000t\000i\000o\000n}{section.3.5}% 63
\BOOKMARK [1][-]{section.3.6}{\376\377\004\020\004\116\004\103\004\073\004\063\004\257\004\071\000\040\004\061\004\060\004\071\004\064\004\060\004\073\000\040\004\061\004\060\000\040\004\075\004\115\004\062\004\102\004\100\004\115\004\073\004\102}{chapter.3}% 64
\BOOKMARK [2][-]{subsection.3.6.1}{\376\377\004\045\004\115\004\100\004\115\004\063\004\073\004\115\004\063\004\064\004\115\004\105\000\040\004\102\004\065\004\105\004\075\004\076\004\073\004\076\004\063\004\070}{section.3.6}% 65
\BOOKMARK [2][-]{subsection.3.6.2}{\376\377\004\020\004\073\004\064\004\060\004\060\004\075\004\113\000\040\004\102\004\076\004\105\004\070\004\076\004\073\004\064\004\076\004\073\004\064}{section.3.6}% 66
\BOOKMARK [1][-]{section.3.7}{\376\377\004\023\004\060\004\064\004\075\004\113\000\040\004\070\004\075\004\102\004\065\004\063\004\100\004\060\004\106\004\103\004\103\004\064}{chapter.3}% 67
\BOOKMARK [2][-]{subsection.3.7.1}{\376\377\000G\000o\000o\000g\000l\000e\000\040\000O\000A\000u\000t\000h\000\040\0002\000.\0000}{section.3.7}% 68
\BOOKMARK [2][-]{subsection.3.7.2}{\376\377\000C\000l\000o\000u\000d\000i\000n\000a\000r\000y}{section.3.7}% 69
\BOOKMARK [2][-]{subsection.3.7.3}{\376\377\000Q\000P\000a\000y}{section.3.7}% 70
\BOOKMARK [1][-]{section.3.8}{\376\377\000D\000e\000p\000l\000o\000y\000m\000e\000n\000t\000\040\004\061\004\060\000\040\000D\000e\000v\000O\000p\000s}{chapter.3}% 71
\BOOKMARK [1][-]{section.3.9}{\376\377\004\021\004\257\004\073\004\063\004\070\004\071\004\075\000\040\004\064\004\257\004\063\004\075\004\115\004\073\004\102}{chapter.3}% 72
\BOOKMARK [0][-]{chapter.4}{\376\377\004\042\004\103\004\100\004\110\004\070\004\073\004\102\000,\000\040\004\257\004\100\000\040\004\064\004\257\004\075}{}% 73
\BOOKMARK [1][-]{section.4.1}{\376\377\004\041\004\070\004\101\004\102\004\065\004\074\004\070\004\071\004\075\000\040\004\060\004\066\004\070\004\073\004\073\004\060\004\063\004\060\004\060\004\075\004\113\000\040\004\102\004\065\004\101\004\102}{chapter.4}% 74
\BOOKMARK [2][-]{subsection.4.1.1}{\376\377\000A\000P\000I\000\040\000E\000n\000d\000p\000o\000i\000n\000t\000\040\004\102\004\065\004\101\004\102\000\040\000\050\000I\000n\000s\000o\000m\000n\000i\000a\000\051}{section.4.1}% 75
\BOOKMARK [2][-]{subsection.4.1.2}{\376\377\000U\000n\000i\000t\000\040\004\102\004\065\004\101\004\102\000\040\000\050\000J\000e\000s\000t\000\051}{section.4.1}% 76
\BOOKMARK [2][-]{subsection.4.1.3}{\376\377\000I\000n\000t\000e\000g\000r\000a\000t\000i\000o\000n\000\040\004\102\004\065\004\101\004\102}{section.4.1}% 77
\BOOKMARK [2][-]{subsection.4.1.4}{\376\377\004\034\004\076\004\061\004\060\004\071\004\073\000\040\004\060\004\077\004\077\004\073\004\070\004\072\004\065\004\071\004\110\004\075\004\113\000\040\004\102\004\065\004\101\004\102}{section.4.1}% 78
\BOOKMARK [1][-]{section.4.2}{\376\377\004\023\004\257\004\071\004\106\004\115\004\102\004\063\004\115\004\073\004\070\004\071\004\075\000\040\000\050\000P\000e\000r\000f\000o\000r\000m\000a\000n\000c\000e\000\051\000\040\004\102\004\065\004\101\004\102}{chapter.4}% 79
\BOOKMARK [1][-]{section.4.3}{\376\377\004\020\004\116\004\103\004\073\004\063\004\257\004\071\000\040\004\061\004\060\004\071\004\064\004\073\004\113\004\075\000\040\004\102\004\065\004\101\004\102\000\040\000\050\000O\000W\000A\000S\000P\000\040\000T\000o\000p\000-\0001\0000\000\051}{chapter.4}% 80
\BOOKMARK [1][-]{section.4.4}{\376\377\004\027\004\076\004\100\004\070\004\073\004\102\004\113\004\075\000\040\004\061\004\070\004\065\004\073\004\115\004\073\004\102}{chapter.4}% 81
\BOOKMARK [1][-]{section.4.5}{\376\377\004\045\004\117\004\067\004\063\004\060\004\060\004\100\004\073\004\060\004\073\004\102\000\040\004\061\004\060\000\040\004\074\004\115\004\064\004\115\004\063\004\064\004\101\004\115\004\075\000\040\004\064\004\103\004\102\004\060\004\063\004\064\004\060\004\073}{chapter.4}% 82
\BOOKMARK [1][-]{section.4.6}{\376\377\004\021\004\257\004\073\004\063\004\070\004\071\004\075\000\040\004\064\004\257\004\063\004\075\004\115\004\073\004\102}{chapter.4}% 83
\BOOKMARK [0][-]{chapter*.16}{\376\377\004\024\004\257\004\063\004\075\004\115\004\073\004\102}{}% 84
\BOOKMARK [0][-]{chapter*.18}{\376\377\004\020\004\110\004\070\004\063\004\073\004\060\004\101\004\060\004\075\000\040\004\115\004\105\000\040\004\101\004\103\004\100\004\062\004\060\004\073\004\066}{}% 85
